// Jest Snapshot v1, https://goo.gl/fbAQLP

exports[`Tests in <Error404 /> should render the component 1`] = `undefined`;
